==ACCOUNTS==
103	patreon_59742501	jaketuel76@gmail.com	2023-06-20	59742501	1706037574	HAS_SESSION
138	patreon_57041769	info@thejamjaramps.com	2023-06-22	57041769	1765129762	HAS_SESSION
182	patreon_4174870	sharkfilesqld@gmail.com	2023-06-28	4174870	1707355616	HAS_SESSION
227	patreon_96300592	stevecbassandguitar@gmail.com	2023-07-05	96300592	1688519840	HAS_SESSION
231	patreon_96393843	info@arcusguitars.co.uk	2023-07-06	96393843	1695473931	HAS_SESSION
235	patreon_95937281	hughese1@gmail.com	2023-07-07	95937281	1702822572	HAS_SESSION
338	patreon_34399671	mcneillac@gmail.com	2023-08-12	34399671	1753618437	HAS_SESSION
347	patreon_98267235	omr@bellwovenguitars.com	2023-08-14	98267235	1692034047	HAS_SESSION
353	patreon_99070238	srozitis@yahoo.com	2023-08-16	99070238	1763663304	HAS_SESSION
398	patreon_100203712	alessio.guarnieri@gmail.com	2023-09-02	100203712	1753882707	HAS_SESSION
399	patreon_55459336		2023-09-02	55459336	1768248865	HAS_SESSION
425	patreon_24752912	mattrubendall@gmail.com	2023-09-12	24752912	1707362700	HAS_SESSION
432	patreon_74310521	route23games@gmail.com	2023-09-14	74310521	1716335798	HAS_SESSION
436	patreon_65482950		2023-09-17	65482950	1706984352	HAS_SESSION
447	patreon_101674250		2023-09-20	101674250	1697039518	HAS_SESSION
448	patreon_101673315	mhoenerhoff@yahoo.com	2023-09-20	101673315	1765838706	HAS_SESSION
516	patreon_102799215	brian.kuchta@gmail.com	2023-10-05	102799215	1696886351	HAS_SESSION
526	patreon_102779078	john.burkeiii.jb@gmail.com	2023-10-07	102779078	1726022840	HAS_SESSION
549	patreon_72239998	info@theguitarworkshop.ie	2023-10-13	72239998	1743022578	HAS_SESSION
551	patreon_51130782	katiemccarts@gmail.com	2023-10-15	51130782	1699371313	HAS_SESSION
566	patreon_104636106	iracox3@gmail.com	2023-10-23	104636106	1704511024	HAS_SESSION
603	patreon_5944146	cfoxguitars@gmail.com	2023-11-22	5944146	1756416490	HAS_SESSION
615	patreon_92101406		2023-12-01	92101406	1712167179	HAS_SESSION
617	patreon_69323495	pinneradam@hotmail.com	2023-12-05	69323495	1701807765	HAS_SESSION
677	patreon_112642237	hxn7djggwx@privaterelay.appleid.com	2024-01-05	112642237	1726089255	HAS_SESSION
705	patreon_92885501	eugemcl@gmail.com	2024-01-17	92885501	1705486926	HAS_SESSION
730	patreon_117902756	timfrick9000@gmail.com	2024-02-03	117902756	1706989371	HAS_SESSION
737	mattrubendall	mattrubendall@me.com	2024-02-08	-	-	HAS_SESSION
799	charlesfox	doug@dougproper.com	2024-03-18	-	-	HAS_SESSION
814	patreon_21258112	dgoulart@aol.com	2024-03-31	21258112	1724336567	HAS_SESSION
828	patreon_120178820	mminton01@charter.net	2024-04-07	120178820	1768609769	HAS_SESSION
890	patreon_127375995	dtgoulart52@gmail.com	2024-05-16	127375995	1755743313	HAS_SESSION
895	patreon_119632061	vnrb8b4zcc@privaterelay.appleid.com	2024-05-20	119632061	1725294894	HAS_SESSION
907	patreon_130032537	jim.fenton66@gmail.com	2024-05-26	130032537	1732041608	HAS_SESSION
912	patreon_691393	jf13fox@yahoo.com	2024-05-31	691393	1726002985	-
922	patreon_130999636	punkadeca@gmail.com	2024-06-05	130999636	1717582206	-
989	patreon_97071176	hughesguitarco@gmail.com	2024-09-03	97071176	1726152857	HAS_SESSION
1020	patreon_89096529	aaron@aaronlucasguitars.com	2024-09-10	89096529	1740420335	HAS_SESSION
1044	patreon_99052992	powermorphs.games@gmail.com	2024-09-14	99052992	1726343108	HAS_SESSION
1045	patreon_60796353	aaronlucasdesigns@gmail.com	2024-09-16	60796353	1726482824	-
1051	patreon_63917266	petruseric@hotmail.com	2024-09-17	63917266	1726595508	HAS_SESSION
1058	patreon_100132408	guitarrepairbusiness.net@gmail.com	2024-09-19	100132408	1765822129	HAS_SESSION
1079	markadams1977@yahoo.com	markadams1977@yahoo.com	2024-10-05	-	-	HAS_SESSION
1095	patreon_102954120	mojomobileguitarrepair@gmail.com	2024-10-28	102954120	1767396346	HAS_SESSION
1129	patreon_146690158	kjtk8nbnk9@privaterelay.appleid.com	2024-11-25	146690158	1732563822	-
1130	patreon_149772191	patrick.morrissey@me.com	2024-11-26	149772191	1753732168	HAS_SESSION
1194	patreon_156463096	ravogt@hotmail.com	2025-01-16	156463096	1736989452	HAS_SESSION
1313	patreon_120195814	skywagon85k@gmail.com	2025-04-03	120195814	1763222741	HAS_SESSION
1329	patreon_142569952	ravogt359@gmail.com	2025-04-16	142569952	1744823340	HAS_SESSION
1340	patreon_169446502	evokeguitarsdc@gmail.com	2025-04-23	169446502	1745369067	HAS_SESSION
1409	patreon_177370688	pq2hw9v6tz@privaterelay.appleid.com	2025-06-30	177370688	1751299811	HAS_SESSION
1467	patreon_31057830	jimbonnell@gmail.com	2025-07-27	31057830	1753625117	HAS_SESSION
1470	patreon_260787	jbonnell@tampabay.rr.com	2025-07-27	260787	1753655404	HAS_SESSION
1520	patreon_185273363		2025-09-04	185273363	1765223689	HAS_SESSION
1557	patreon_188210335	jake@burningriverguitars.com	2025-10-02	188210335	1763901141	HAS_SESSION
1781	larrydent	lrrydent@yahoo.com	2026-02-26	185273363	-	HAS_SESSION
1798	matthew.r.mcintosh	matthew.r.mcintosh@tutanota.com	2026-03-10	92101406	-	HAS_SESSION
1841	nick.gagliardo	nick.gagliardo@hotmail.com	2026-04-30	55459336	-	HAS_SESSION
==POSTS==
338	1	2023-10-01
353	3	2025-06-03
432	16	2024-01-25
448	20	2026-05-30
828	66	2026-07-05
1095	7	2026-05-29
1313	23	2025-12-01
==PG==
ERROR:  column mr.user_id does not exist
LINE 4: ...cipients mr JOIN users mu ON mu.uuid=u.uuid WHERE mr.user_id...
                                                             ^
HINT:  Perhaps you meant to reference the column "mr.user_uuid" or the column "b.user_id".
==SELFPAIRS==
