516|457|0175af13-524b-5097-bf50-939a5c6caa8b|6|0|0
436|1736|b4c39d0a-aabb-5af6-8990-b3ffd82f74d5|1|0|0
1841|1895|8b3dcdda-6d73-5a5d-b2c9-a74f49d5e98b|2|0|0
231|208|23a78ef7-849e-5b46-939b-b8b6cfd25a80|8|0|0
566|496|6c17d415-46f6-5beb-a7d0-b67a2cfbe519|5|0|0
1557|1380|74a8ef21-c7e5-5237-ab3d-c22042d7020c|2|0|0
615|1755|27aed6e2-6658-5f7d-a748-5861d44aeaf6|2|0|0
890|775|1e9489db-094a-56aa-8332-323f8f44a0a5|8|0|0
922|1781|09eb0cef-c5eb-5640-98fa-20d69b965ef3|1|0|0
1058|925|d05d3929-016f-5178-b90c-9be434f50438|6|0|0
1079|943|17922c47-60c8-5972-8ca6-ebf0d92aeb21|5|0|0
1313|1164|69a93ff2-8a72-5728-8973-fabdd7011854|6|2|6
1520|1818|d3bd4f18-0fdc-5eb9-b364-785cf19b5816|2|0|0
1798|1614|70323bc1-f878-5b6f-902d-97202e175396|3|0|0
447|1738|af1951a5-78f5-592f-ba20-b7c515a6d497|2|0|0
432|389|f7817c22-4f90-5c42-9ca7-f7a65c5ea560|17|0|0
603|530|04018dd5-2255-5a7e-9309-24355d3d7250|15|0|0
617|542|a3632aaa-f744-5779-878c-cbd75aedc272|4|0|0
549|481|a7edee39-0653-5903-9308-2926641af7b1|6|0|0
705|617|be78cdf7-822d-5d55-8b39-fb4877914dc1|4|0|0
989|863|dccac9ad-06a6-552d-9e1d-e44b8bd546d4|8|0|0
347|313|d9094e9f-bac4-5657-934e-3397a94fd1fc|6|0|0
1051|919|54f828c1-48cf-55f4-a6fc-00f4aedd4922|6|0|0
103|93|64fc3a7e-ebed-5778-9c96-e8b0abcd82d3|6|0|0
182|166|d5b59853-f9dc-5d23-8972-0ae5049c1f8c|6|0|0
227|204|8f05e180-31d1-5325-9047-3c2e191cdeb9|7|0|0
138|123|eb874ba9-844f-5428-b7f8-5524481bc43f|16|0|0
235|212|759149e4-670f-5707-a211-0e89e37b7639|9|0|0
338|304|905ba75e-081a-5664-b913-ca29b4c51e73|6|0|0
353|318|8251e58b-8aa8-5bd8-8304-b177262bc569|18|0|0
398|359|1318b6af-c809-5cdf-985d-599358093c03|8|0|0
425|383|0ddfb254-e179-524c-952a-7500c0a0c376|4|0|0
448|399|ed2304cd-d689-5d28-bedd-a232f2cd5bf1|10|0|0
551|482|78932c2c-b01e-5a97-8afd-521d5d5c933b|7|0|0
399|1732|ed02e604-5294-5b20-8324-aad32c9df5f0|1|0|0
677|595|6c6a1e0f-db93-51e0-bd85-37421d4c8804|6|0|0
730|640|9434df9b-c329-5902-bf7e-67b07dc815c6|6|0|0
737|646|0b59272c-b27f-5df3-a849-53640fa8b186|7|0|0
799|700|84aed0ef-ad0f-517e-b0f2-91c1811b1fa7|7|0|0
814|709|c4f3b9ef-205f-501e-8263-3c6127409454|7|0|0
828|721|093eac46-7c0e-5434-a81f-837aec552811|17|6|13
895|780|7bbf6657-20b3-5bae-9f2c-df248ab674f6|7|0|0
907|790|3ba49115-30fe-5ded-9e73-69d0049b5093|8|0|0
912|795|a86fccf6-1b7d-51f3-b7da-e13d46292e78|7|0|0
1020|892|c04dd88b-e7fe-574d-b0fc-37b2a33c1a13|9|0|0
1044|913|05b91b0a-b56a-5078-8864-0cdc0e2db8a4|6|0|0
1045|914|e05a3730-1955-53e2-99d1-be0c94f449d5|6|0|0
1095|958|abdf2baa-66fe-5761-ba62-5aeda873ad0c|6|0|0
1129|990|a3f3783b-3869-543a-bcbf-ebbffc59b010|4|0|0
1130|991|1f08dbcd-349c-5edf-bd6a-ed81a3df2c59|4|0|0
1194|1052|9fa71316-2060-51ef-8ac9-db5acdb40b2a|4|0|0
1329|1178|b0652915-7777-59de-a14f-9048dbfa0d5a|3|0|0
1340|1187|fba9f117-d2da-53fa-a149-8374b0e45881|0|0|0
1470|1815|30ff07ff-a67e-54a5-995d-ab87f163b563|1|0|0
1781|1598|5e2006d7-1063-589f-8430-f147b4f1e462|3|0|0
526|465|40a68f54-292b-5552-9d52-c9f8cc6510ba|7|0|0
1409|1247|517f48c1-7b7e-5b49-a239-70c6e048cfdc|4|0|0
1467|1300|da1b649c-de84-5a3b-9431-bc863ea4f669|3|0|0
